<html>
<body>
<pre>
<h1>礦ision Build Log</h1>
<h2>Tool Versions:</h2>
IDE-Version: μVision V5.14.0.0
Copyright (C) 2015 ARM Ltd and ARM Germany GmbH. All rights reserved.
License Information: EDASD D, D, LIC=WHY12-9L1FN-61QPW-Q0NEV-63JTF-XFMIN
 
Tool Versions:
Toolchain:       MDK-ARM Standard  Version: 5.14.0.0
Toolchain Path:  C:\Keil_v5\ARM\ARMCC\Bin
C Compiler:      Armcc.exe V5.05 update 1 (build 106)
Assembler:       Armasm.exe V5.05 update 1 (build 106)
Linker/Locator:  ArmLink.exe V5.05 update 1 (build 106)
Library Manager: ArmAr.exe V5.05 update 1 (build 106)
Hex Converter:   FromElf.exe V5.05 update 1 (build 106)
CPU DLL:         SARMCM3.DLL V5.14.0.0
Dialog DLL:      DCM.DLL V1.13.1.0
Target DLL:      Segger\JL2CM3.dll V2.99.13.0
Dialog DLL:      TCM.DLL V1.14.4.0
 
<h2>Project:</h2>
C:\Users\guoyang\Desktop\FDC2214\stm32f407zgt6_标准库\STM32F407ZGT6_标准库\USER\NRF24L01.uvprojx
Project File Date:  07/20/2018

<h2>Output:</h2>
Rebuild target 'NRF24L01'
compiling main.c...
compiling stm32f4xx_it.c...
compiling system_stm32f4xx.c...
compiling led.c...
compiling key.c...
compiling spi.c...
compiling adc.c...
compiling dac.c...
compiling dma.c...
compiling exti.c...
compiling myiic.c...
compiling tim1.c...
compiling tim8.c...
compiling lcd_4_3.c...
compiling LCD_5110.c...
compiling oled.c...
compiling handsome.c...
..\HARDWARE\ELES\handsome.c(212): warning:  #177-D: variable "voltage" was declared but never referenced
        static float err = 0.0,err_last = 0.0,voltage = 0.0,integral = 0.0;
..\HARDWARE\ELES\handsome.c(272): warning:  #940-D: missing return statement at end of non-void function "CountNumLength"
  }
..\HARDWARE\ELES\handsome.c: 2 warnings, 0 errors
compiling FDC2214.c...
..\HARDWARE\ELES\FDC2214.c(523): warning:  #188-D: enumerated type mixed with another type
        FDC_Get_Data(&st_data_structure, ch );    
..\HARDWARE\ELES\FDC2214.c(539): warning:  #111-D: statement is unreachable
                }break;         
..\HARDWARE\ELES\FDC2214.c(554): warning:  #111-D: statement is unreachable
                }break;         
..\HARDWARE\ELES\FDC2214.c(569): warning:  #111-D: statement is unreachable
                }break;         
..\HARDWARE\ELES\FDC2214.c(584): warning:  #111-D: statement is unreachable
                }break;                         
..\HARDWARE\ELES\FDC2214.c(586): warning:  #940-D: missing return statement at end of non-void function "FDC_Result"
  }
..\HARDWARE\ELES\FDC2214.c: 6 warnings, 0 errors
compiling delay.c...
compiling sys.c...
compiling usart.c...
assembling startup_stm32f40_41xxx.s...
compiling misc.c...
compiling stm32f4xx_gpio.c...
compiling stm32f4xx_fsmc.c...
compiling stm32f4xx_rcc.c...
compiling stm32f4xx_spi.c...
compiling stm32f4xx_syscfg.c...
compiling stm32f4xx_usart.c...
compiling stm32f4xx_adc.c...
compiling stm32f4xx_dac.c...
compiling stm32f4xx_dma.c...
compiling stm32f4xx_i2c.c...
compiling stm32f4xx_tim.c...
compiling stm32f4xx_exti.c...
linking...
Program Size: Code=43562 RO-data=6750 RW-data=216 ZI-data=2160  
"..\OBJ\NRF24L01.axf" - 0 Error(s), 8 Warning(s).

<h2>Collection of Component include folders:</h2>
  C:\Users\guoyang\Desktop\FDC2214\stm32f407zgt6_标准库\STM32F407ZGT6_标准库\USER\RTE
  C:\Keil_v5\ARM\PACK\Keil\STM32F4xx_DFP\2.11.0

<h2>Collection of Component Files used:</h2>
</pre>
</body>
</html>
