BL51 BANKED LINKER/LOCATER V6.22.2.0                                                    04/07/2022  16:25:20  PAGE 1


BL51 BANKED LINKER/LOCATER V6.22.2.0, INVOKED BY:
D:\KEIL5\C51\BIN\BL51.EXE .\Objects\STARTUP.obj, .\Objects\main.obj, .\Objects\LCD12864.obj, .\Objects\i2c.obj, .\Object
>> s\delay.obj, .\Objects\FDC1004.obj TO .\Objects\LCD_Test PRINT (.\Listings\LCD_Test.m51) RAMSIZE (256) DISABLEWARNING
>>  (16)


MEMORY MODEL: SMALL WITH FLOATING POINT ARITHMETIC


INPUT MODULES INCLUDED:
  .\Objects\STARTUP.obj (?C_STARTUP)
  .\Objects\main.obj (MAIN)
  .\Objects\LCD12864.obj (LCD12864)
  .\Objects\i2c.obj (I2C)
  .\Objects\delay.obj (DELAY)
  .\Objects\FDC1004.obj (FDC1004)
  D:\KEIL5\C51\LIB\C51FPS.LIB (?C?FPADD)
  D:\KEIL5\C51\LIB\C51FPS.LIB (?C?FPMUL)
  D:\KEIL5\C51\LIB\C51FPS.LIB (?C?FPDIV)
  D:\KEIL5\C51\LIB\C51FPS.LIB (?C?FCAST)
  D:\KEIL5\C51\LIB\C51FPS.LIB (?C?CASTF)
  D:\KEIL5\C51\LIB\C51FPS.LIB (?C?FPGETOPN)
  D:\KEIL5\C51\LIB\C51S.LIB (?C_INIT)
  D:\KEIL5\C51\LIB\C51S.LIB (?C?CLDOPTR)
  D:\KEIL5\C51\LIB\C51S.LIB (?C?LMUL)
  D:\KEIL5\C51\LIB\C51S.LIB (?C?ULDIV)
  D:\KEIL5\C51\LIB\C51S.LIB (?C?LNEG)


LINK MAP OF MODULE:  .\Objects\LCD_Test (?C_STARTUP)


            TYPE    BASE      LENGTH    RELOCATION   SEGMENT NAME
            -----------------------------------------------------

            * * * * * * *   D A T A   M E M O R Y   * * * * * * *
            REG     0000H     0008H     ABSOLUTE     "REG BANK 0"
            DATA    0008H     001FH     UNIT         _DATA_GROUP_
            DATA    0027H     001CH     UNIT         ?DT?MAIN
            DATA    0043H     0005H     UNIT         ?DT?_READDATA_AVG?FDC1004
            DATA    0048H     0003H     UNIT         ?DT?_CONFIG_FDC1004?FDC1004
            DATA    004BH     0002H     UNIT         ?DT?_WRITE_BYTE?I2C
            DATA    004DH     0002H     UNIT         ?DT?READ_BYTE?I2C
            DATA    004FH     0002H     UNIT         ?DT?_WRITE_AT_ADDR?I2C
            DATA    0051H     0002H     UNIT         ?DT?_READ_AT_ADDR?I2C
            DATA    0053H     0001H     UNIT         ?DT?RESPONS?I2C
            IDATA   0054H     0001H     UNIT         ?STACK

            * * * * * * *   C O D E   M E M O R Y   * * * * * * *
            CODE    0000H     0003H     ABSOLUTE     
            CODE    0003H     04B5H     UNIT         ?C?LIB_CODE
            CODE    04B8H     0340H     UNIT         ?CO?LCD12864
            CODE    07F8H     01AEH     UNIT         ?PR?MAIN?MAIN
            CODE    09A6H     016DH     UNIT         ?PR?_CAP_CAC_DIPLAY?FDC1004
            CODE    0B13H     0119H     UNIT         ?PR?_MOISTURE_CAC_DIPLAY?FDC1004
            CODE    0C2CH     00BAH     UNIT         ?PR?_DISP_PARAMETERS?LCD12864
            CODE    0CE6H     00B1H     UNIT         ?PR?_READDATA_FDC1004?FDC1004
            CODE    0D97H     0095H     UNIT         ?PR?_SHOW8X8?LCD12864
BL51 BANKED LINKER/LOCATER V6.22.2.0                                                  04/07/2022  16:25:20  PAGE 2


            CODE    0E2CH     008CH     UNIT         ?C_C51STARTUP
            CODE    0EB8H     006AH     UNIT         ?PR?_WRITE_POINTER?FDC1004
            CODE    0F22H     005EH     UNIT         ?PR?_SHOWCHINA?LCD12864
            CODE    0F80H     0056H     UNIT         ?PR?_FDC1004_READ_ADDR?FDC1004
            CODE    0FD6H     0055H     UNIT         ?PR?_FDC1004_WRITE_ADDR?FDC1004
            CODE    102BH     004FH     UNIT         ?PR?DIGPLAYSTART?LCD12864
            CODE    107AH     004DH     UNIT         ?PR?_WAITFOR_FDC1004?FDC1004
            CODE    10C7H     0045H     UNIT         ?PR?READDATA?FDC1004
            CODE    110CH     0044H     UNIT         ?PR?_WRITEDATA?FDC1004
            CODE    1150H     003FH     UNIT         ?PR?_READID_FDC1004?FDC1004
            CODE    118FH     0035H     UNIT         ?PR?READ_BYTE?I2C
            CODE    11C4H     0033H     UNIT         ?PR?_WRITE_BYTE?I2C
            CODE    11F7H     0032H     UNIT         ?PR?_SHOWNUMBER?LCD12864
            CODE    1229H     0032H     UNIT         ?PR?_CONFIG_FDC1004?FDC1004
            CODE    125BH     0030H     UNIT         ?PR?_READDATA_AVG?FDC1004
            CODE    128BH     002FH     UNIT         ?C_INITSEG
            CODE    12BAH     002CH     UNIT         ?PR?_CLEARSCREEN?LCD12864
            CODE    12E6H     002BH     UNIT         ?PR?_READ_AT_ADDR?I2C
            CODE    1311H     0029H     UNIT         ?PR?_CONFIG_FDC1004_SINGLE?FDC1004
            CODE    133AH     0023H     UNIT         ?PR?_SELECTSCREEN?LCD12864
            CODE    135DH     0023H     UNIT         ?PR?ACK_MASTER?FDC1004
            CODE    1380H     0023H     UNIT         ?PR?NACK_MASTER?FDC1004
            CODE    13A3H     0022H     UNIT         ?PR?_WRITE_AT_ADDR?I2C
            CODE    13C5H     0020H     UNIT         ?PR?ANSWER?FDC1004
            CODE    13E5H     001FH     UNIT         ?PR?DELAY10MS?DELAY
            CODE    1404H     001FH     UNIT         ?PR?DELAY5MS?DELAY
            CODE    1423H     001FH     UNIT         ?PR?RANSWER?FDC1004
            CODE    1442H     001EH     UNIT         ?PR?_WRITEBYTE?LCD12864
            CODE    1460H     001EH     UNIT         ?PR?_DELAYMS?DELAY
            CODE    147EH     001EH     UNIT         ?PR?FDC1004_START?FDC1004
            CODE    149CH     001EH     UNIT         ?PR?FDC1004_STOP?FDC1004
            CODE    14BAH     001EH     UNIT         ?PR?SACK_MASTER?FDC1004
            CODE    14D8H     001CH     UNIT         ?PR?INITLCD?LCD12864
            CODE    14F4H     001CH     UNIT         ?PR?RESPONS?I2C
            CODE    1510H     001CH     UNIT         ?PR?_TRIGGERING_FDC1004?FDC1004
            CODE    152CH     001AH     UNIT         ?PR?_DELAY?DELAY
            CODE    1546H     0017H     UNIT         ?PR?NANSWER?FDC1004
            CODE    155DH     0015H     UNIT         ?PR?SNACK_MASTER?FDC1004
            CODE    1572H     0012H     UNIT         ?PR?_LCD_CMD_WR?LCD12864
            CODE    1584H     0010H     UNIT         ?PR?_SETLINE?LCD12864
            CODE    1594H     0010H     UNIT         ?PR?_SETCOLUMN?LCD12864
            CODE    15A4H     000FH     UNIT         ?PR?START?I2C
            CODE    15B3H     000FH     UNIT         ?PR?STOP?I2C
            CODE    15C2H     000EH     UNIT         ?PR?_SENDCOMMANDTOLCD?LCD12864
            CODE    15D0H     000CH     UNIT         ?PR?NOP?LCD12864
            CODE    15DCH     000BH     UNIT         ?PR?_DELAYUS?DELAY
            CODE    15E7H     0008H     UNIT         ?PR?CHECKSTATE?LCD12864
            CODE    15EFH     0006H     UNIT         ?PR?_SETSTARTLINE?LCD12864
            CODE    15F5H     0006H     UNIT         ?PR?_SETONOFF?LCD12864
            CODE    15FBH     0001H     UNIT         ?PR?DELAY_US?DELAY



OVERLAY MAP OF MODULE:   .\Objects\LCD_Test (?C_STARTUP)


SEGMENT                                      DATA_GROUP 
BL51 BANKED LINKER/LOCATER V6.22.2.0                                                  04/07/2022  16:25:20  PAGE 3


  +--> CALLED SEGMENT                      START    LENGTH
----------------------------------------------------------
?C_C51STARTUP                              -----    -----
  +--> ?PR?MAIN?MAIN
  +--> ?C_INITSEG

?PR?MAIN?MAIN                              -----    -----
  +--> ?PR?INITLCD?LCD12864
  +--> ?PR?DIGPLAYSTART?LCD12864
  +--> ?PR?DELAY5MS?DELAY
  +--> ?PR?_CLEARSCREEN?LCD12864
  +--> ?PR?_SHOWCHINA?LCD12864
  +--> ?PR?_READID_FDC1004?FDC1004
  +--> ?PR?_CONFIG_FDC1004_SINGLE?FDC1004
  +--> ?PR?_TRIGGERING_FDC1004?FDC1004
  +--> ?PR?_WAITFOR_FDC1004?FDC1004
  +--> ?PR?_READDATA_FDC1004?FDC1004
  +--> ?PR?_CAP_CAC_DIPLAY?FDC1004
  +--> ?PR?_MOISTURE_CAC_DIPLAY?FDC1004

?PR?INITLCD?LCD12864                       -----    -----
  +--> ?PR?_SETONOFF?LCD12864
  +--> ?PR?_CLEARSCREEN?LCD12864
  +--> ?PR?_SETSTARTLINE?LCD12864

?PR?_SETONOFF?LCD12864                     -----    -----
  +--> ?PR?_SENDCOMMANDTOLCD?LCD12864

?PR?_SENDCOMMANDTOLCD?LCD12864             -----    -----
  +--> ?PR?CHECKSTATE?LCD12864

?PR?CHECKSTATE?LCD12864                    0026H    0001H

?PR?_CLEARSCREEN?LCD12864                  -----    -----
  +--> ?PR?_SELECTSCREEN?LCD12864
  +--> ?PR?_SETLINE?LCD12864
  +--> ?PR?_WRITEBYTE?LCD12864

?PR?_SELECTSCREEN?LCD12864                 -----    -----
  +--> ?PR?NOP?LCD12864

?PR?_SETLINE?LCD12864                      -----    -----
  +--> ?PR?_SELECTSCREEN?LCD12864
  +--> ?PR?_SENDCOMMANDTOLCD?LCD12864

?PR?_WRITEBYTE?LCD12864                    -----    -----
  +--> ?PR?CHECKSTATE?LCD12864

?PR?_SETSTARTLINE?LCD12864                 -----    -----
  +--> ?PR?_SENDCOMMANDTOLCD?LCD12864

?PR?DIGPLAYSTART?LCD12864                  0008H    0001H
  +--> ?PR?_SHOWCHINA?LCD12864
  +--> ?PR?_SHOWNUMBER?LCD12864
  +--> ?PR?DELAY5MS?DELAY

?PR?_SHOWCHINA?LCD12864                    0009H    0005H
BL51 BANKED LINKER/LOCATER V6.22.2.0                                                  04/07/2022  16:25:20  PAGE 4


  +--> ?CO?LCD12864
  +--> ?PR?_SHOW8X8?LCD12864

?PR?_SHOW8X8?LCD12864                      0020H    0006H
  +--> ?PR?_SETLINE?LCD12864
  +--> ?PR?_SETCOLUMN?LCD12864
  +--> ?PR?_WRITEBYTE?LCD12864
  +--> ?PR?_SELECTSCREEN?LCD12864

?PR?_SETCOLUMN?LCD12864                    -----    -----
  +--> ?PR?_SENDCOMMANDTOLCD?LCD12864

?PR?_SHOWNUMBER?LCD12864                   001BH    0005H
  +--> ?CO?LCD12864
  +--> ?PR?_SHOW8X8?LCD12864

?PR?_READID_FDC1004?FDC1004                0008H    0004H
  +--> ?PR?FDC1004_START?FDC1004
  +--> ?PR?_FDC1004_WRITE_ADDR?FDC1004
  +--> ?PR?_WRITE_POINTER?FDC1004
  +--> ?PR?_FDC1004_READ_ADDR?FDC1004
  +--> ?PR?READDATA?FDC1004
  +--> ?PR?SACK_MASTER?FDC1004
  +--> ?PR?SNACK_MASTER?FDC1004
  +--> ?PR?FDC1004_STOP?FDC1004

?PR?FDC1004_START?FDC1004                  -----    -----
  +--> ?PR?_DELAYUS?DELAY

?PR?_FDC1004_WRITE_ADDR?FDC1004            0012H    0002H
  +--> ?PR?_DELAYUS?DELAY
  +--> ?PR?RANSWER?FDC1004
  +--> ?PR?FDC1004_STOP?FDC1004

?PR?RANSWER?FDC1004                        -----    -----
  +--> ?PR?_DELAYUS?DELAY

?PR?FDC1004_STOP?FDC1004                   -----    -----
  +--> ?PR?_DELAYUS?DELAY

?PR?_WRITE_POINTER?FDC1004                 0012H    0002H
  +--> ?PR?_DELAYUS?DELAY

?PR?_FDC1004_READ_ADDR?FDC1004             0012H    0002H
  +--> ?PR?_DELAYUS?DELAY
  +--> ?PR?RANSWER?FDC1004
  +--> ?PR?FDC1004_STOP?FDC1004

?PR?READDATA?FDC1004                       0012H    0002H
  +--> ?PR?_DELAYUS?DELAY

?PR?SACK_MASTER?FDC1004                    -----    -----
  +--> ?PR?_DELAYUS?DELAY

?PR?SNACK_MASTER?FDC1004                   -----    -----
  +--> ?PR?_DELAYUS?DELAY

BL51 BANKED LINKER/LOCATER V6.22.2.0                                                  04/07/2022  16:25:20  PAGE 5


?PR?_CONFIG_FDC1004_SINGLE?FDC1004         0008H    0002H
  +--> ?PR?FDC1004_START?FDC1004
  +--> ?PR?_FDC1004_WRITE_ADDR?FDC1004
  +--> ?PR?_WRITEDATA?FDC1004
  +--> ?PR?FDC1004_STOP?FDC1004
  +--> ?PR?DELAY5MS?DELAY

?PR?_WRITEDATA?FDC1004                     000AH    0002H
  +--> ?PR?_DELAYUS?DELAY
  +--> ?PR?RANSWER?FDC1004
  +--> ?PR?FDC1004_STOP?FDC1004

?PR?_TRIGGERING_FDC1004?FDC1004            0008H    0001H
  +--> ?PR?FDC1004_START?FDC1004
  +--> ?PR?_FDC1004_WRITE_ADDR?FDC1004
  +--> ?PR?_WRITEDATA?FDC1004
  +--> ?PR?FDC1004_STOP?FDC1004

?PR?_WAITFOR_FDC1004?FDC1004               0008H    0004H
  +--> ?PR?FDC1004_START?FDC1004
  +--> ?PR?_FDC1004_WRITE_ADDR?FDC1004
  +--> ?PR?_WRITE_POINTER?FDC1004
  +--> ?PR?_FDC1004_READ_ADDR?FDC1004
  +--> ?PR?READDATA?FDC1004
  +--> ?PR?SACK_MASTER?FDC1004
  +--> ?PR?SNACK_MASTER?FDC1004
  +--> ?PR?FDC1004_STOP?FDC1004
  +--> ?PR?_DELAYMS?DELAY

?PR?_READDATA_FDC1004?FDC1004              0008H    000AH
  +--> ?PR?FDC1004_START?FDC1004
  +--> ?PR?_FDC1004_WRITE_ADDR?FDC1004
  +--> ?PR?_WRITE_POINTER?FDC1004
  +--> ?PR?_FDC1004_READ_ADDR?FDC1004
  +--> ?PR?READDATA?FDC1004
  +--> ?PR?SACK_MASTER?FDC1004
  +--> ?PR?SNACK_MASTER?FDC1004
  +--> ?PR?FDC1004_STOP?FDC1004
  +--> ?PR?_DELAYUS?DELAY

?PR?_CAP_CAC_DIPLAY?FDC1004                0008H    000BH
  +--> ?PR?_DISP_PARAMETERS?LCD12864

?PR?_DISP_PARAMETERS?LCD12864              0017H    0004H
  +--> ?PR?_SHOWNUMBER?LCD12864

?PR?_MOISTURE_CAC_DIPLAY?FDC1004           0008H    000FH
  +--> ?PR?_DISP_PARAMETERS?LCD12864



SYMBOL TABLE OF MODULE:  .\Objects\LCD_Test (?C_STARTUP)

  VALUE           TYPE          NAME
  ----------------------------------

  -------         MODULE        ?C_STARTUP
BL51 BANKED LINKER/LOCATER V6.22.2.0                                                  04/07/2022  16:25:20  PAGE 6


  C:0E2CH         SEGMENT       ?C_C51STARTUP
  I:0054H         SEGMENT       ?STACK
  C:0000H         PUBLIC        ?C_STARTUP
  D:00E0H         SYMBOL        ACC
  D:00F0H         SYMBOL        B
  D:0083H         SYMBOL        DPH
  D:0082H         SYMBOL        DPL
  N:0000H         SYMBOL        IBPSTACK
  N:0100H         SYMBOL        IBPSTACKTOP
  N:0080H         SYMBOL        IDATALEN
  C:0E2FH         SYMBOL        IDATALOOP
  N:0000H         SYMBOL        PBPSTACK
  N:0100H         SYMBOL        PBPSTACKTOP
  N:0000H         SYMBOL        PDATALEN
  N:0000H         SYMBOL        PDATASTART
  N:0000H         SYMBOL        PPAGE
  N:0000H         SYMBOL        PPAGEENABLE
  D:00A0H         SYMBOL        PPAGE_SFR
  D:0081H         SYMBOL        SP
  C:0E2CH         SYMBOL        STARTUP1
  N:0000H         SYMBOL        XBPSTACK
  N:0000H         SYMBOL        XBPSTACKTOP
  N:0000H         SYMBOL        XDATALEN
  N:0000H         SYMBOL        XDATASTART
  C:0000H         LINE#         126
  C:0E2CH         LINE#         133
  C:0E2EH         LINE#         134
  C:0E2FH         LINE#         135
  C:0E30H         LINE#         136
  C:0E32H         LINE#         185
  C:0E35H         LINE#         196
  -------         ENDMOD        ?C_STARTUP

  -------         MODULE        MAIN
  C:0000H         SYMBOL        _ICE_DUMMY_
  D:0090H         PUBLIC        P1
  D:00A0H         PUBLIC        P2
  D:00B0H         PUBLIC        P3
  D:0027H         PUBLIC        CC
  D:00A8H         PUBLIC        IE
  D:002BH         PUBLIC        Cap
  D:00B8H         PUBLIC        IP
  C:07F8H         PUBLIC        main
  D:002DH         PUBLIC        D_ID
  D:002FH         PUBLIC        Gain1
  D:0098H         PUBLIC        SCON
  D:0088H         PUBLIC        TCON
  D:0031H         PUBLIC        M_ID
  D:0033H         PUBLIC        Cap1
  D:0037H         PUBLIC        Cap2
  D:003BH         PUBLIC        Cap3
  D:003FH         PUBLIC        Cap4
  D:00C8H         PUBLIC        T2CON
  D:00D0H         PUBLIC        PSW
  -------         PROC          MAIN
  C:07F8H         LINE#         18
  C:07F8H         LINE#         19
BL51 BANKED LINKER/LOCATER V6.22.2.0                                                  04/07/2022  16:25:20  PAGE 7


  C:07F8H         LINE#         20
  C:07FBH         LINE#         21
  C:07FEH         LINE#         22
  C:0801H         LINE#         23
  C:0806H         LINE#         24
  C:080BH         LINE#         26
  C:0814H         LINE#         27
  C:081DH         LINE#         28
  C:0826H         LINE#         29
  C:082FH         LINE#         30
  C:0838H         LINE#         31
  C:0841H         LINE#         32
  C:084AH         LINE#         33
  C:0853H         LINE#         34
  C:085CH         LINE#         37
  C:0865H         LINE#         38
  C:086EH         LINE#         39
  C:0877H         LINE#         40
  C:0880H         LINE#         41
  C:0889H         LINE#         42
  C:0892H         LINE#         43
  C:089BH         LINE#         44
  C:08A1H         LINE#         45
  C:08AAH         LINE#         46
  C:08B3H         LINE#         47
  C:08BCH         LINE#         48
  C:08C5H         LINE#         49
  C:08CAH         LINE#         50
  C:08CFH         LINE#         51
  C:08DCH         LINE#         52
  C:08E9H         LINE#         53
  C:08F6H         LINE#         54
  C:0903H         LINE#         55
  C:0903H         LINE#         56
  C:0903H         LINE#         57
  C:0908H         LINE#         58
  C:0915H         LINE#         59
  C:0922H         LINE#         60
  C:092FH         LINE#         61
  C:093CH         LINE#         62
  C:097DH         LINE#         63
  C:0990H         LINE#         64
  C:09A3H         LINE#         65
  -------         ENDPROC       MAIN
  -------         ENDMOD        MAIN

  -------         MODULE        LCD12864
  C:0000H         SYMBOL        _ICE_DUMMY_
  D:0090H         PUBLIC        P1
  D:00A0H         PUBLIC        P2
  D:00B0H         PUBLIC        P3
  B:00B0H.0       PUBLIC        cs1
  C:15F5H         PUBLIC        _SetOnOff
  B:00B0H.1       PUBLIC        cs2
  C:0F22H         PUBLIC        _ShowChina
  C:0D97H         PUBLIC        _Show8x8
  C:0C2CH         PUBLIC        _DisP_parameters
BL51 BANKED LINKER/LOCATER V6.22.2.0                                                  04/07/2022  16:25:20  PAGE 8


  D:00A8H         PUBLIC        IE
  C:11F7H         PUBLIC        _ShowNumber
  C:1572H         PUBLIC        _lcd_cmd_wr
  D:00B8H         PUBLIC        IP
  C:159BH         PUBLIC        _SetColumn
  C:102BH         PUBLIC        digplaystart
  C:1452H         PUBLIC        _WriteByte
  D:0098H         PUBLIC        SCON
  D:0088H         PUBLIC        TCON
  C:158BH         PUBLIC        _SetLine
  C:05F8H         PUBLIC        word
  C:133AH         PUBLIC        _SelectScreen
  C:15EFH         PUBLIC        _SetStartLine
  B:00A0H.2       PUBLIC        di
  C:12BAH         PUBLIC        _ClearScreen
  C:15D0H         PUBLIC        nop
  C:04B8H         PUBLIC        Numcode
  B:00A0H.0       PUBLIC        en
  C:15E7H         PUBLIC        CheckState
  D:00C8H         PUBLIC        T2CON
  C:15C2H         PUBLIC        _SendCommandToLCD
  B:00A0H.1       PUBLIC        rw
  C:14D8H         PUBLIC        InitLCD
  D:00D0H         PUBLIC        PSW
  -------         PROC          NOP
  C:15D0H         LINE#         6
  C:15D0H         LINE#         7
  C:15D0H         LINE#         8
  C:15D1H         LINE#         9
  C:15D2H         LINE#         10
  C:15D3H         LINE#         11
  C:15D4H         LINE#         12
  C:15D5H         LINE#         13
  C:15D6H         LINE#         14
  C:15D7H         LINE#         15
  C:15D8H         LINE#         16
  C:15D9H         LINE#         17
  C:15DAH         LINE#         18
  C:15DBH         LINE#         19
  -------         ENDPROC       NOP
  -------         PROC          CHECKSTATE
  -------         DO            
  D:0026H         SYMBOL        dat
  -------         ENDDO         
  C:15E7H         LINE#         22
  C:15E7H         LINE#         23
  C:15E7H         LINE#         25
  C:15EAH         LINE#         26
  C:15ECH         LINE#         27
  C:15EEH         LINE#         36
  -------         ENDPROC       CHECKSTATE
  -------         PROC          L?0080
  -------         ENDPROC       L?0080
  -------         PROC          _WRITEBYTE
  D:0007H         SYMBOL        dat
  C:1452H         LINE#         40
  C:1452H         LINE#         41
BL51 BANKED LINKER/LOCATER V6.22.2.0                                                  04/07/2022  16:25:20  PAGE 9


  C:1452H         LINE#         42
  C:1455H         LINE#         43
  C:1457H         LINE#         44
  C:1459H         LINE#         45
  C:145BH         LINE#         46
  C:145DH         LINE#         47
  C:145FH         LINE#         48
  -------         ENDPROC       _WRITEBYTE
  -------         PROC          _LCD_CMD_WR
  D:0007H         SYMBOL        command
  C:1572H         LINE#         51
  C:1572H         LINE#         52
  C:1572H         LINE#         53
  C:1574H         LINE#         54
  C:1576H         LINE#         55
  C:1579H         LINE#         56
  C:157BH         LINE#         57
  C:157DH         LINE#         58
  C:157FH         LINE#         59
  C:1581H         LINE#         60
  C:1583H         LINE#         61
  -------         ENDPROC       _LCD_CMD_WR
  -------         PROC          _SENDCOMMANDTOLCD
  D:0007H         SYMBOL        command
  C:15C2H         LINE#         65
  C:15C2H         LINE#         66
  C:15C2H         LINE#         67
  C:15C5H         LINE#         68
  C:15C7H         LINE#         69
  C:15C9H         LINE#         70
  C:15CBH         LINE#         71
  C:15CDH         LINE#         72
  C:15CFH         LINE#         73
  -------         ENDPROC       _SENDCOMMANDTOLCD
  C:1586H         SYMBOL        L?0082
  -------         PROC          L?0081
  -------         ENDPROC       L?0081
  C:1586H         SYMBOL        L?0082
  -------         PROC          _SETLINE
  D:0007H         SYMBOL        line
  C:158BH         LINE#         76
  C:158BH         LINE#         77
  C:158BH         LINE#         78
  C:158EH         LINE#         79
  C:1591H         LINE#         80
  -------         ENDPROC       _SETLINE
  -------         PROC          L?0083
  -------         ENDPROC       L?0083
  -------         PROC          _SETCOLUMN
  D:0007H         SYMBOL        column
  C:159BH         LINE#         83
  C:159BH         LINE#         84
  C:159BH         LINE#         85
  C:159EH         LINE#         86
  C:15A1H         LINE#         87
  -------         ENDPROC       _SETCOLUMN
  -------         PROC          _SETSTARTLINE
BL51 BANKED LINKER/LOCATER V6.22.2.0                                                  04/07/2022  16:25:20  PAGE 10


  D:0007H         SYMBOL        startline
  C:15EFH         LINE#         90
  C:15EFH         LINE#         91
  C:15EFH         LINE#         93
  C:15F2H         LINE#         94
  -------         ENDPROC       _SETSTARTLINE
  -------         PROC          _SETONOFF
  D:0007H         SYMBOL        onoff
  C:15F5H         LINE#         97
  C:15F5H         LINE#         98
  C:15F5H         LINE#         99
  C:15F8H         LINE#         100
  -------         ENDPROC       _SETONOFF
  -------         PROC          _SELECTSCREEN
  D:0007H         SYMBOL        screen
  C:133AH         LINE#         105
  C:133AH         LINE#         106
  C:133AH         LINE#         107
  C:1345H         LINE#         108
  C:1345H         LINE#         109
  C:1345H         LINE#         110
  C:1347H         LINE#         111
  C:1347H         LINE#         112
  C:1347H         LINE#         113
  C:1347H         LINE#         114
  C:1349H         LINE#         115
  C:1349H         LINE#         116
  C:134BH         LINE#         117
  C:134EH         LINE#         118
  C:1350H         LINE#         119
  C:1350H         LINE#         120
  C:1352H         LINE#         121
  C:1352H         LINE#         122
  C:1354H         LINE#         123
  C:1357H         LINE#         124
  C:1359H         LINE#         125
  C:135CH         LINE#         126
  C:135CH         LINE#         127
  C:135CH         LINE#         128
  C:135CH         LINE#         129
  C:135CH         LINE#         130
  -------         ENDPROC       _SELECTSCREEN
  -------         PROC          _CLEARSCREEN
  D:0007H         SYMBOL        screen
  -------         DO            
  D:0006H         SYMBOL        i
  D:0005H         SYMBOL        j
  -------         ENDDO         
  C:12BAH         LINE#         134
  C:12BAH         LINE#         135
  C:12BAH         LINE#         137
  C:12BDH         LINE#         138
  C:12C9H         LINE#         139
  C:12C9H         LINE#         140
  C:12CEH         LINE#         141
  C:12DAH         LINE#         142
  C:12DAH         LINE#         143
BL51 BANKED LINKER/LOCATER V6.22.2.0                                                  04/07/2022  16:25:20  PAGE 11


  C:12DFH         LINE#         144
  C:12E2H         LINE#         145
  C:12E5H         LINE#         146
  -------         ENDPROC       _CLEARSCREEN
  -------         PROC          _SHOW8X8
  D:0020H         SYMBOL        lin
  D:0021H         SYMBOL        column
  D:0022H         SYMBOL        address
  -------         DO            
  D:0025H         SYMBOL        i
  -------         ENDDO         
  C:0D97H         LINE#         151
  C:0DA1H         LINE#         152
  C:0DA1H         LINE#         155
  C:0DACH         LINE#         156
  C:0DACH         LINE#         157
  C:0DACH         LINE#         158
  C:0DAFH         LINE#         159
  C:0DB4H         LINE#         160
  C:0DC3H         LINE#         161
  C:0DC3H         LINE#         162
  C:0DD5H         LINE#         163
  C:0DD5H         LINE#         164
  C:0DD5H         LINE#         165
  C:0DD7H         LINE#         167
  C:0DD7H         LINE#         168
  C:0DD9H         LINE#         169
  C:0DDCH         LINE#         170
  C:0DDFH         LINE#         171
  C:0DE2H         LINE#         172
  C:0DE2H         LINE#         173
  C:0DE6H         LINE#         174
  C:0DE6H         LINE#         176
  C:0DE6H         LINE#         177
  C:0DEBH         LINE#         178
  C:0DF1H         LINE#         179
  C:0DF6H         LINE#         180
  C:0DFBH         LINE#         181
  C:0E0AH         LINE#         182
  C:0E0AH         LINE#         183
  C:0E1CH         LINE#         184
  C:0E1CH         LINE#         185
  C:0E1CH         LINE#         186
  C:0E1EH         LINE#         188
  C:0E1EH         LINE#         189
  C:0E1EH         LINE#         190
  C:0E21H         LINE#         191
  C:0E24H         LINE#         192
  C:0E27H         LINE#         193
  C:0E27H         LINE#         194
  C:0E2BH         LINE#         195
  C:0E2BH         LINE#         196
  -------         ENDPROC       _SHOW8X8
  -------         PROC          _SHOWNUMBER
  D:001BH         SYMBOL        lin
  D:001CH         SYMBOL        column
  D:0003H         SYMBOL        num
BL51 BANKED LINKER/LOCATER V6.22.2.0                                                  04/07/2022  16:25:20  PAGE 12


  -------         DO            
  D:001DH         SYMBOL        address
  -------         ENDDO         
  C:11F7H         LINE#         199
  C:11FBH         LINE#         200
  C:11FBH         LINE#         202
  C:1210H         LINE#         203
  C:1215H         LINE#         204
  -------         ENDPROC       _SHOWNUMBER
  -------         PROC          _SHOWCHINA
  D:0009H         SYMBOL        lin
  D:000AH         SYMBOL        column
  D:0003H         SYMBOL        num
  -------         DO            
  D:000BH         SYMBOL        address
  -------         ENDDO         
  C:0F22H         LINE#         210
  C:0F26H         LINE#         211
  C:0F26H         LINE#         214
  C:0F3BH         LINE#         215
  C:0F40H         LINE#         216
  C:0F55H         LINE#         217
  C:0F69H         LINE#         218
  -------         ENDPROC       _SHOWCHINA
  -------         PROC          INITLCD
  -------         DO            
  D:0007H         SYMBOL        i
  -------         ENDDO         
  C:14D8H         LINE#         221
  C:14D8H         LINE#         222
  C:14D8H         LINE#         223
  C:14DAH         LINE#         224
  C:14E0H         LINE#         225
  C:14E5H         LINE#         226
  C:14EAH         LINE#         227
  C:14EFH         LINE#         228
  -------         ENDPROC       INITLCD
  -------         PROC          DIGPLAYSTART
  -------         DO            
  D:0008H         SYMBOL        i
  -------         ENDDO         
  C:102BH         LINE#         231
  C:102BH         LINE#         232
  C:102EH         LINE#         233
  C:1036H         LINE#         234
  C:103FH         LINE#         235
  C:1048H         LINE#         236
  C:1051H         LINE#         237
  C:105FH         LINE#         238
  C:106FH         LINE#         239
  C:1072H         LINE#         240
  C:1075H         LINE#         241
  C:1079H         LINE#         242
  -------         ENDPROC       DIGPLAYSTART
  -------         PROC          _DISP_PARAMETERS
  D:0017H         SYMBOL        x
  D:0019H         SYMBOL        y
BL51 BANKED LINKER/LOCATER V6.22.2.0                                                  04/07/2022  16:25:20  PAGE 13


  D:0002H         SYMBOL        m
  C:0C2CH         LINE#         245
  C:0C34H         LINE#         246
  C:0C74H         LINE#         247
  C:0C74H         LINE#         248
  C:0C7AH         LINE#         249
  C:0C7CH         LINE#         250
  C:0C7CH         LINE#         251
  C:0C82H         LINE#         252
  C:0C84H         LINE#         253
  C:0C84H         LINE#         254
  C:0C8AH         LINE#         255
  C:0C8CH         LINE#         256
  C:0C8CH         LINE#         257
  C:0C92H         LINE#         258
  C:0C94H         LINE#         259
  C:0C94H         LINE#         260
  C:0C9AH         LINE#         261
  C:0C9CH         LINE#         262
  C:0C9CH         LINE#         263
  C:0CA2H         LINE#         264
  C:0CA4H         LINE#         265
  C:0CA4H         LINE#         266
  C:0CAAH         LINE#         267
  C:0CACH         LINE#         268
  C:0CACH         LINE#         269
  C:0CB2H         LINE#         270
  C:0CB4H         LINE#         271
  C:0CB4H         LINE#         272
  C:0CBAH         LINE#         273
  C:0CBCH         LINE#         274
  C:0CBCH         LINE#         275
  C:0CC2H         LINE#         276
  C:0CC4H         LINE#         277
  C:0CC4H         LINE#         278
  C:0CCAH         LINE#         279
  C:0CCCH         LINE#         280
  C:0CCCH         LINE#         281
  C:0CD2H         LINE#         282
  C:0CD4H         LINE#         283
  C:0CD4H         LINE#         284
  C:0CDAH         LINE#         285
  C:0CDCH         LINE#         286
  C:0CDCH         LINE#         287
  C:0CE5H         LINE#         288
  C:0CE5H         LINE#         289
  C:0CE5H         LINE#         290
  -------         ENDPROC       _DISP_PARAMETERS
  -------         ENDMOD        LCD12864

  -------         MODULE        I2C
  C:0000H         SYMBOL        _ICE_DUMMY_
  D:0090H         PUBLIC        P1
  D:00A0H         PUBLIC        P2
  D:00B0H         PUBLIC        P3
  D:00A8H         PUBLIC        IE
  C:14F4H         PUBLIC        respons
BL51 BANKED LINKER/LOCATER V6.22.2.0                                                  04/07/2022  16:25:20  PAGE 14


  D:00B8H         PUBLIC        IP
  B:00D0H.7       PUBLIC        CY
  C:15A4H         PUBLIC        start
  D:0098H         PUBLIC        SCON
  C:118FH         PUBLIC        read_byte
  D:0088H         PUBLIC        TCON
  B:00A0H.4       PUBLIC        sda
  B:00A0H.3       PUBLIC        scl
  C:11C4H         PUBLIC        _write_byte
  C:15B3H         PUBLIC        stop
  C:12E6H         PUBLIC        _read_at_addr
  C:13A3H         PUBLIC        _write_at_addr
  D:00C8H         PUBLIC        T2CON
  D:00D0H         PUBLIC        PSW
  -------         PROC          START
  C:15A4H         LINE#         7
  C:15A4H         LINE#         8
  C:15A4H         LINE#         9
  C:15A6H         LINE#         10
  C:15A9H         LINE#         11
  C:15ABH         LINE#         12
  C:15AEH         LINE#         13
  C:15B0H         LINE#         14
  -------         ENDPROC       START
  -------         PROC          STOP
  C:15B3H         LINE#         18
  C:15B3H         LINE#         19
  C:15B3H         LINE#         20
  C:15B5H         LINE#         21
  C:15B8H         LINE#         22
  C:15BAH         LINE#         23
  C:15BDH         LINE#         24
  C:15BFH         LINE#         25
  -------         ENDPROC       STOP
  -------         PROC          RESPONS
  -------         DO            
  D:0053H         SYMBOL        i
  -------         ENDDO         
  C:14F4H         LINE#         29
  C:14F4H         LINE#         30
  C:14F4H         LINE#         32
  C:14F6H         LINE#         33
  C:14F9H         LINE#         35
  C:1507H         LINE#         36
  C:150BH         LINE#         38
  C:150DH         LINE#         39
  -------         ENDPROC       RESPONS
  -------         PROC          _WRITE_BYTE
  D:0007H         SYMBOL        dat
  -------         DO            
  D:004BH         SYMBOL        i
  D:004CH         SYMBOL        temp
  -------         ENDDO         
  C:11C4H         LINE#         43
  C:11C4H         LINE#         44
  C:11C4H         LINE#         46
  C:11C6H         LINE#         47
BL51 BANKED LINKER/LOCATER V6.22.2.0                                                  04/07/2022  16:25:20  PAGE 15


  C:11D4H         LINE#         48
  C:11D4H         LINE#         49
  C:11DAH         LINE#         50
  C:11DCH         LINE#         51
  C:11DFH         LINE#         52
  C:11E1H         LINE#         53
  C:11E4H         LINE#         54
  C:11E6H         LINE#         55
  C:11E9H         LINE#         56
  C:11EDH         LINE#         58
  C:11EFH         LINE#         59
  C:11F2H         LINE#         60
  C:11F4H         LINE#         61
  -------         ENDPROC       _WRITE_BYTE
  -------         PROC          READ_BYTE
  -------         DO            
  D:004DH         SYMBOL        i
  D:004EH         SYMBOL        k
  -------         ENDDO         
  C:118FH         LINE#         65
  C:118FH         LINE#         66
  C:118FH         LINE#         68
  C:1191H         LINE#         69
  C:1194H         LINE#         70
  C:1196H         LINE#         71
  C:1199H         LINE#         72
  C:11A7H         LINE#         73
  C:11A7H         LINE#         74
  C:11A9H         LINE#         75
  C:11ACH         LINE#         76
  C:11B8H         LINE#         77
  C:11BAH         LINE#         78
  C:11BDH         LINE#         79
  C:11C1H         LINE#         80
  C:11C3H         LINE#         81
  -------         ENDPROC       READ_BYTE
  -------         PROC          _WRITE_AT_ADDR
  D:004FH         SYMBOL        addr
  D:0050H         SYMBOL        dat
  C:13A3H         LINE#         84
  C:13A7H         LINE#         85
  C:13A7H         LINE#         86
  C:13AAH         LINE#         89
  C:13AFH         LINE#         90
  C:13B2H         LINE#         91
  C:13B7H         LINE#         92
  C:13BAH         LINE#         93
  C:13BFH         LINE#         94
  C:13C2H         LINE#         95
  -------         ENDPROC       _WRITE_AT_ADDR
  -------         PROC          _READ_AT_ADDR
  D:0051H         SYMBOL        addr
  -------         DO            
  D:0052H         SYMBOL        dat
  -------         ENDDO         
  C:12E6H         LINE#         99
  C:12E8H         LINE#         100
BL51 BANKED LINKER/LOCATER V6.22.2.0                                                  04/07/2022  16:25:20  PAGE 16


  C:12E8H         LINE#         102
  C:12EBH         LINE#         103
  C:12F0H         LINE#         104
  C:12F3H         LINE#         105
  C:12F8H         LINE#         106
  C:12FBH         LINE#         107
  C:12FEH         LINE#         108
  C:1303H         LINE#         109
  C:1306H         LINE#         110
  C:130BH         LINE#         111
  C:130EH         LINE#         112
  C:1310H         LINE#         113
  -------         ENDPROC       _READ_AT_ADDR
  -------         ENDMOD        I2C

  -------         MODULE        DELAY
  C:0000H         SYMBOL        _ICE_DUMMY_
  D:0090H         PUBLIC        P1
  D:00B0H         PUBLIC        P3
  D:00A8H         PUBLIC        IE
  C:152CH         PUBLIC        _delay
  D:00B8H         PUBLIC        IP
  C:1404H         PUBLIC        delay5ms
  D:0098H         PUBLIC        SCON
  D:0088H         PUBLIC        TCON
  C:13E5H         PUBLIC        delay10ms
  C:15FBH         PUBLIC        delay_us
  D:00C8H         PUBLIC        T2CON
  C:1460H         PUBLIC        _delayms
  D:00D0H         PUBLIC        PSW
  C:15DCH         PUBLIC        _delayus
  -------         PROC          _DELAYMS
  D:0006H         SYMBOL        n
  -------         DO            
  D:0004H         SYMBOL        i
  D:0006H         SYMBOL        j
  -------         ENDDO         
  C:1460H         LINE#         4
  C:1460H         LINE#         5
  C:1460H         LINE#         7
  C:1469H         LINE#         8
  C:147DH         LINE#         10
  -------         ENDPROC       _DELAYMS
  -------         PROC          _DELAYUS
  D:0006H         SYMBOL        n
  C:15DCH         LINE#         13
  C:15DCH         LINE#         14
  C:15DCH         LINE#         15
  C:15E6H         LINE#         16
  -------         ENDPROC       _DELAYUS
  -------         PROC          DELAY10MS
  -------         DO            
  D:0007H         SYMBOL        i
  D:0006H         SYMBOL        j
  -------         ENDDO         
  C:13E5H         LINE#         18
  C:13E5H         LINE#         19
BL51 BANKED LINKER/LOCATER V6.22.2.0                                                  04/07/2022  16:25:20  PAGE 17


  C:13E5H         LINE#         21
  C:13F1H         LINE#         22
  C:1403H         LINE#         23
  -------         ENDPROC       DELAY10MS
  -------         PROC          DELAY5MS
  -------         DO            
  D:0006H         SYMBOL        a
  D:0007H         SYMBOL        b
  -------         ENDDO         
  C:1404H         LINE#         24
  C:1404H         LINE#         25
  C:1404H         LINE#         27
  C:1410H         LINE#         28
  C:1422H         LINE#         29
  -------         ENDPROC       DELAY5MS
  -------         PROC          _DELAY
  D:0007H         SYMBOL        t
  -------         DO            
  D:0006H         SYMBOL        i
  D:0005H         SYMBOL        j
  -------         ENDDO         
  C:152CH         LINE#         32
  C:152CH         LINE#         33
  C:152CH         LINE#         35
  C:1533H         LINE#         36
  C:1545H         LINE#         38
  -------         ENDPROC       _DELAY
  -------         PROC          DELAY_US
  C:15FBH         LINE#         41
  C:15FBH         LINE#         42
  C:15FBH         LINE#         44
  -------         ENDPROC       DELAY_US
  -------         ENDMOD        DELAY

  -------         MODULE        FDC1004
  C:0000H         SYMBOL        _ICE_DUMMY_
  C:1150H         PUBLIC        _ReadID_FDC1004
  D:0090H         PUBLIC        P1
  D:00A0H         PUBLIC        P2
  D:00B0H         PUBLIC        P3
  C:147EH         PUBLIC        FDC1004_Start
  C:110CH         PUBLIC        _WriteData
  C:0B13H         PUBLIC        _Moisture_Cac_Diplay
  C:1510H         PUBLIC        _Triggering_FDC1004
  D:00A8H         PUBLIC        IE
  C:1311H         PUBLIC        _Config_FDC1004_Single
  D:00B8H         PUBLIC        IP
  C:149CH         PUBLIC        FDC1004_Stop
  C:155DH         PUBLIC        SNack_Master
  C:14BAH         PUBLIC        SAck_Master
  D:0098H         PUBLIC        SCON
  C:107AH         PUBLIC        _WaitFor_FDC1004
  D:0088H         PUBLIC        TCON
  B:00A0H.4       PUBLIC        sda
  C:1546H         PUBLIC        NAnswer
  B:00A0H.3       PUBLIC        scl
  C:09A6H         PUBLIC        _Cap_Cac_Diplay
BL51 BANKED LINKER/LOCATER V6.22.2.0                                                  04/07/2022  16:25:20  PAGE 18


  C:1423H         PUBLIC        RAnswer
  C:1229H         PUBLIC        _Config_FDC1004
  C:1380H         PUBLIC        Nack_Master
  C:0F80H         PUBLIC        _FDC1004_Read_Addr
  C:0EB8H         PUBLIC        _Write_Pointer
  C:0FD6H         PUBLIC        _FDC1004_Write_Addr
  C:135DH         PUBLIC        Ack_Master
  D:00C8H         PUBLIC        T2CON
  C:0CE6H         PUBLIC        _ReadData_FDC1004
  C:13C5H         PUBLIC        Answer
  C:125BH         PUBLIC        _ReadData_Avg
  C:10C7H         PUBLIC        ReadData
  D:00D0H         PUBLIC        PSW
  -------         PROC          FDC1004_START
  C:147EH         LINE#         60
  C:147EH         LINE#         61
  C:147EH         LINE#         62
  C:1480H         LINE#         63
  C:1487H         LINE#         64
  C:1489H         LINE#         65
  C:1490H         LINE#         66
  C:1492H         LINE#         67
  C:1499H         LINE#         68
  C:149BH         LINE#         69
  -------         ENDPROC       FDC1004_START
  -------         PROC          FDC1004_STOP
  C:149CH         LINE#         76
  C:149CH         LINE#         77
  C:149CH         LINE#         78
  C:149EH         LINE#         79
  C:14A5H         LINE#         80
  C:14A7H         LINE#         81
  C:14AEH         LINE#         82
  C:14B0H         LINE#         83
  C:14B7H         LINE#         84
  C:14B9H         LINE#         85
  -------         ENDPROC       FDC1004_STOP
  -------         PROC          ANSWER
  C:13C5H         LINE#         92
  C:13C5H         LINE#         93
  C:13C5H         LINE#         94
  C:13C7H         LINE#         95
  C:13CEH         LINE#         96
  C:13D0H         LINE#         97
  C:13D7H         LINE#         98
  C:13D9H         LINE#         99
  C:13E0H         LINE#         100
  C:13E2H         LINE#         101
  C:13E4H         LINE#         102
  -------         ENDPROC       ANSWER
  -------         PROC          NANSWER
  C:1546H         LINE#         109
  C:1546H         LINE#         110
  C:1546H         LINE#         111
  C:1548H         LINE#         112
  C:154AH         LINE#         113
  C:1551H         LINE#         114
BL51 BANKED LINKER/LOCATER V6.22.2.0                                                  04/07/2022  16:25:20  PAGE 19


  C:1553H         LINE#         115
  C:155AH         LINE#         116
  C:155CH         LINE#         117
  -------         ENDPROC       NANSWER
  -------         PROC          ACK_MASTER
  C:135DH         LINE#         124
  C:135DH         LINE#         125
  C:135DH         LINE#         126
  C:135FH         LINE#         127
  C:1366H         LINE#         128
  C:1368H         LINE#         129
  C:136FH         LINE#         130
  C:1372H         LINE#         131
  C:1372H         LINE#         132
  C:1374H         LINE#         133
  C:1376H         LINE#         134
  C:1379H         LINE#         135
  C:1379H         LINE#         137
  C:1379H         LINE#         138
  C:137BH         LINE#         139
  C:137DH         LINE#         140
  C:137FH         LINE#         141
  C:137FH         LINE#         142
  -------         ENDPROC       ACK_MASTER
  -------         PROC          SACK_MASTER
  C:14BAH         LINE#         143
  C:14BAH         LINE#         144
  C:14BAH         LINE#         145
  C:14BCH         LINE#         146
  C:14C3H         LINE#         147
  C:14C5H         LINE#         148
  C:14CCH         LINE#         149
  C:14CEH         LINE#         150
  C:14D5H         LINE#         151
  C:14D7H         LINE#         152
  -------         ENDPROC       SACK_MASTER
  -------         PROC          NACK_MASTER
  C:1380H         LINE#         159
  C:1380H         LINE#         160
  C:1380H         LINE#         161
  C:1387H         LINE#         162
  C:1389H         LINE#         163
  C:1390H         LINE#         164
  C:1392H         LINE#         165
  C:1395H         LINE#         166
  C:1395H         LINE#         167
  C:1397H         LINE#         168
  C:1399H         LINE#         169
  C:139CH         LINE#         170
  C:139CH         LINE#         172
  C:139CH         LINE#         173
  C:139EH         LINE#         174
  C:13A0H         LINE#         175
  C:13A2H         LINE#         176
  C:13A2H         LINE#         177
  -------         ENDPROC       NACK_MASTER
  -------         PROC          SNACK_MASTER
BL51 BANKED LINKER/LOCATER V6.22.2.0                                                  04/07/2022  16:25:20  PAGE 20


  C:155DH         LINE#         178
  C:155DH         LINE#         179
  C:155DH         LINE#         180
  C:155FH         LINE#         181
  C:1566H         LINE#         182
  C:1568H         LINE#         183
  C:156FH         LINE#         184
  C:1571H         LINE#         185
  -------         ENDPROC       SNACK_MASTER
  -------         PROC          RANSWER
  C:1423H         LINE#         192
  C:1423H         LINE#         193
  C:1423H         LINE#         194
  C:1425H         LINE#         195
  C:142CH         LINE#         196
  C:142EH         LINE#         197
  C:1435H         LINE#         198
  C:1438H         LINE#         199
  C:1438H         LINE#         200
  C:143AH         LINE#         201
  C:143DH         LINE#         202
  C:143DH         LINE#         204
  C:143DH         LINE#         205
  C:143FH         LINE#         206
  C:1441H         LINE#         207
  C:1441H         LINE#         208
  -------         ENDPROC       RANSWER
  -------         PROC          _WRITEDATA
  D:000AH         SYMBOL        Data
  -------         DO            
  D:000BH         SYMBOL        i
  -------         ENDDO         
  C:110CH         LINE#         215
  C:110EH         LINE#         216
  C:110EH         LINE#         218
  C:111CH         LINE#         219
  C:111CH         LINE#         220
  C:1121H         LINE#         221
  C:1128H         LINE#         222
  C:112AH         LINE#         223
  C:1131H         LINE#         224
  C:1133H         LINE#         225
  C:1139H         LINE#         226
  C:113DH         LINE#         227
  C:1144H         LINE#         229
  C:114CH         LINE#         230
  C:114CH         LINE#         231
  C:114FH         LINE#         232
  C:114FH         LINE#         233
  -------         ENDPROC       _WRITEDATA
  -------         PROC          _WRITE_POINTER
  D:0012H         SYMBOL        Data
  -------         DO            
  D:0013H         SYMBOL        i
  -------         ENDDO         
  C:0EB8H         LINE#         240
  C:0EBAH         LINE#         241
BL51 BANKED LINKER/LOCATER V6.22.2.0                                                  04/07/2022  16:25:20  PAGE 21


  C:0EBAH         LINE#         243
  C:0EBCH         LINE#         244
  C:0EBEH         LINE#         245
  C:0EC5H         LINE#         246
  C:0ED3H         LINE#         247
  C:0ED3H         LINE#         248
  C:0ED8H         LINE#         249
  C:0EDFH         LINE#         250
  C:0EE1H         LINE#         251
  C:0EE8H         LINE#         252
  C:0EEAH         LINE#         253
  C:0EF0H         LINE#         254
  C:0EF4H         LINE#         255
  C:0EFBH         LINE#         256
  C:0EFDH         LINE#         257
  C:0F04H         LINE#         258
  C:0F06H         LINE#         259
  C:0F0DH         LINE#         260
  C:0F0FH         LINE#         261
  C:0F16H         LINE#         262
  C:0F18H         LINE#         263
  C:0F1FH         LINE#         264
  C:0F21H         LINE#         265
  -------         ENDPROC       _WRITE_POINTER
  -------         PROC          _FDC1004_WRITE_ADDR
  D:0012H         SYMBOL        Data
  -------         DO            
  D:0013H         SYMBOL        i
  -------         ENDDO         
  C:0FD6H         LINE#         266
  C:0FD8H         LINE#         267
  C:0FD8H         LINE#         269
  C:0FDEH         LINE#         270
  C:0FE0H         LINE#         271
  C:0FE2H         LINE#         272
  C:0FE9H         LINE#         273
  C:0FF7H         LINE#         274
  C:0FF7H         LINE#         275
  C:0FFCH         LINE#         276
  C:1003H         LINE#         277
  C:1005H         LINE#         278
  C:100CH         LINE#         279
  C:100EH         LINE#         280
  C:1014H         LINE#         281
  C:1018H         LINE#         282
  C:101FH         LINE#         283
  C:1027H         LINE#         284
  C:1027H         LINE#         285
  C:102AH         LINE#         286
  C:102AH         LINE#         287
  -------         ENDPROC       _FDC1004_WRITE_ADDR
  -------         PROC          _FDC1004_READ_ADDR
  D:0012H         SYMBOL        Data
  -------         DO            
  D:0013H         SYMBOL        i
  -------         ENDDO         
  C:0F80H         LINE#         288
BL51 BANKED LINKER/LOCATER V6.22.2.0                                                  04/07/2022  16:25:20  PAGE 22


  C:0F82H         LINE#         289
  C:0F82H         LINE#         291
  C:0F89H         LINE#         292
  C:0F8BH         LINE#         293
  C:0F8DH         LINE#         294
  C:0F94H         LINE#         295
  C:0FA2H         LINE#         296
  C:0FA2H         LINE#         297
  C:0FA7H         LINE#         298
  C:0FAEH         LINE#         299
  C:0FB0H         LINE#         300
  C:0FB7H         LINE#         301
  C:0FB9H         LINE#         302
  C:0FBFH         LINE#         303
  C:0FC3H         LINE#         304
  C:0FCAH         LINE#         306
  C:0FD2H         LINE#         307
  C:0FD2H         LINE#         308
  C:0FD5H         LINE#         309
  C:0FD5H         LINE#         310
  -------         ENDPROC       _FDC1004_READ_ADDR
  -------         PROC          READDATA
  -------         DO            
  D:0012H         SYMBOL        tmp
  D:0013H         SYMBOL        i
  -------         ENDDO         
  C:10C7H         LINE#         318
  C:10C7H         LINE#         319
  C:10C7H         LINE#         322
  C:10C9H         LINE#         323
  C:10D0H         LINE#         324
  C:10D2H         LINE#         325
  C:10E0H         LINE#         326
  C:10E0H         LINE#         327
  C:10E2H         LINE#         328
  C:10E9H         LINE#         329
  C:10F5H         LINE#         330
  C:10F7H         LINE#         331
  C:10FEH         LINE#         332
  C:1102H         LINE#         333
  C:1109H         LINE#         334
  C:110BH         LINE#         335
  -------         ENDPROC       READDATA
  -------         PROC          _CONFIG_FDC1004
  D:0048H         SYMBOL        result
  D:0049H         SYMBOL        address
  -------         DO            
  D:004AH         SYMBOL        i
  -------         ENDDO         
  C:1229H         LINE#         337
  C:122DH         LINE#         338
  C:122DH         LINE#         340
  C:1237H         LINE#         341
  C:1237H         LINE#         342
  C:123AH         LINE#         343
  C:123FH         LINE#         344
  C:1244H         LINE#         346
BL51 BANKED LINKER/LOCATER V6.22.2.0                                                  04/07/2022  16:25:20  PAGE 23


  C:1249H         LINE#         347
  C:124EH         LINE#         348
  C:1251H         LINE#         349
  C:1254H         LINE#         350
  C:1256H         LINE#         351
  C:125AH         LINE#         352
  -------         ENDPROC       _CONFIG_FDC1004
  -------         PROC          _CONFIG_FDC1004_SINGLE
  D:0002H         SYMBOL        Data
  D:0008H         SYMBOL        address
  -------         DO            
  D:0009H         SYMBOL        Data_MSB
  D:0005H         SYMBOL        Data_LSB
  -------         ENDDO         
  C:1311H         LINE#         355
  C:1315H         LINE#         356
  C:1315H         LINE#         357
  C:1318H         LINE#         358
  C:131BH         LINE#         359
  C:131DH         LINE#         360
  C:1320H         LINE#         361
  C:1325H         LINE#         362
  C:132AH         LINE#         364
  C:132FH         LINE#         365
  C:1334H         LINE#         366
  C:1337H         LINE#         367
  -------         ENDPROC       _CONFIG_FDC1004_SINGLE
  -------         PROC          _TRIGGERING_FDC1004
  D:0008H         SYMBOL        address
  C:1510H         LINE#         370
  C:1512H         LINE#         371
  C:1512H         LINE#         372
  C:1515H         LINE#         373
  C:151AH         LINE#         374
  C:151FH         LINE#         376
  C:1524H         LINE#         377
  C:1529H         LINE#         378
  -------         ENDPROC       _TRIGGERING_FDC1004
  -------         PROC          _WAITFOR_FDC1004
  D:0008H         SYMBOL        address
  -------         DO            
  D:0009H         SYMBOL        rdata
  D:000BH         SYMBOL        Data
  -------         ENDDO         
  C:107AH         LINE#         381
  C:107CH         LINE#         382
  C:107CH         LINE#         385
  C:107CH         LINE#         386
  C:107CH         LINE#         387
  C:107FH         LINE#         388
  C:1084H         LINE#         389
  C:1089H         LINE#         390
  C:108CH         LINE#         391
  C:1091H         LINE#         392
  C:1099H         LINE#         393
  C:109CH         LINE#         396
  C:10A1H         LINE#         397
BL51 BANKED LINKER/LOCATER V6.22.2.0                                                  04/07/2022  16:25:20  PAGE 24


  C:10A4H         LINE#         398
  C:10A7H         LINE#         401
  C:10B5H         LINE#         402
  C:10BDH         LINE#         403
  C:10BDH         LINE#         404
  C:10BDH         LINE#         405
  C:10BDH         LINE#         406
  C:10C4H         LINE#         407
  C:10C6H         LINE#         408
  -------         ENDPROC       _WAITFOR_FDC1004
  -------         PROC          _READID_FDC1004
  D:0008H         SYMBOL        address
  -------         DO            
  D:0009H         SYMBOL        rdata
  D:000BH         SYMBOL        Data
  -------         ENDDO         
  C:1150H         LINE#         410
  C:1152H         LINE#         411
  C:1152H         LINE#         414
  C:1155H         LINE#         415
  C:115AH         LINE#         416
  C:115FH         LINE#         417
  C:1162H         LINE#         418
  C:1167H         LINE#         419
  C:116FH         LINE#         420
  C:1172H         LINE#         421
  C:1177H         LINE#         422
  C:117AH         LINE#         423
  C:117DH         LINE#         424
  C:118BH         LINE#         426
  C:118EH         LINE#         427
  -------         ENDPROC       _READID_FDC1004
  -------         PROC          _READDATA_FDC1004
  D:0008H         SYMBOL        address
  -------         DO            
  D:0009H         SYMBOL        rdata1
  D:000BH         SYMBOL        rdata2
  D:000DH         SYMBOL        rdata
  D:0011H         SYMBOL        Data
  -------         ENDDO         
  C:0CE6H         LINE#         429
  C:0CE8H         LINE#         430
  C:0CE8H         LINE#         432
  C:0CF1H         LINE#         434
  C:0CF4H         LINE#         435
  C:0CF9H         LINE#         436
  C:0CFEH         LINE#         437
  C:0D01H         LINE#         438
  C:0D06H         LINE#         439
  C:0D0EH         LINE#         440
  C:0D11H         LINE#         443
  C:0D16H         LINE#         444
  C:0D19H         LINE#         445
  C:0D1CH         LINE#         448
  C:0D31H         LINE#         450
  C:0D37H         LINE#         451
  C:0D3AH         LINE#         452
BL51 BANKED LINKER/LOCATER V6.22.2.0                                                  04/07/2022  16:25:20  PAGE 25


  C:0D3FH         LINE#         453
  C:0D46H         LINE#         454
  C:0D4BH         LINE#         455
  C:0D53H         LINE#         457
  C:0D56H         LINE#         460
  C:0D5BH         LINE#         461
  C:0D5EH         LINE#         462
  C:0D61H         LINE#         466
  C:0D8FH         LINE#         467
  C:0D96H         LINE#         468
  -------         ENDPROC       _READDATA_FDC1004
  -------         PROC          _READDATA_AVG
  D:0043H         SYMBOL        result
  D:0044H         SYMBOL        address
  -------         DO            
  D:0045H         SYMBOL        avg
  D:0047H         SYMBOL        i
  -------         ENDDO         
  C:125BH         LINE#         469
  C:125FH         LINE#         470
  C:125FH         LINE#         471
  C:1264H         LINE#         473
  C:1266H         LINE#         474
  C:126FH         LINE#         475
  C:126FH         LINE#         476
  C:127EH         LINE#         477
  C:1282H         LINE#         478
  C:1286H         LINE#         479
  C:128AH         LINE#         480
  -------         ENDPROC       _READDATA_AVG
  -------         PROC          _CAP_CAC_DIPLAY
  D:0008H         SYMBOL        lin
  D:0009H         SYMBOL        column
  D:000AH         SYMBOL        Data
  -------         DO            
  D:000EH         SYMBOL        i
  D:000FH         SYMBOL        CapResult
  -------         ENDDO         
  C:09A6H         LINE#         482
  C:09AAH         LINE#         483
  C:09AAH         LINE#         486
  C:09C7H         LINE#         488
  C:09D1H         LINE#         489
  C:09D6H         LINE#         490
  C:09E3H         LINE#         492
  C:09E4H         LINE#         493
  C:09FCH         LINE#         494
  C:0A0DH         LINE#         496
  C:0A20H         LINE#         497
  C:0A42H         LINE#         498
  C:0A53H         LINE#         499
  C:0A75H         LINE#         500
  C:0A86H         LINE#         501
  C:0AA8H         LINE#         502
  C:0AB9H         LINE#         503
  C:0ADCH         LINE#         504
  C:0AEDH         LINE#         506
BL51 BANKED LINKER/LOCATER V6.22.2.0                                                  04/07/2022  16:25:20  PAGE 26


  C:0B00H         LINE#         508
  -------         ENDPROC       _CAP_CAC_DIPLAY
  -------         PROC          _MOISTURE_CAC_DIPLAY
  D:0008H         SYMBOL        lin
  D:0009H         SYMBOL        column
  D:000AH         SYMBOL        Data
  -------         DO            
  D:000EH         SYMBOL        i
  D:000FH         SYMBOL        CapResult
  D:0013H         SYMBOL        MoistureResult
  -------         ENDDO         
  C:0B13H         LINE#         511
  C:0B17H         LINE#         512
  C:0B17H         LINE#         515
  C:0B34H         LINE#         516
  C:0B5AH         LINE#         517
  C:0B64H         LINE#         518
  C:0B69H         LINE#         519
  C:0B76H         LINE#         521
  C:0B77H         LINE#         522
  C:0B8FH         LINE#         523
  C:0BA0H         LINE#         525
  C:0BB3H         LINE#         526
  C:0BD5H         LINE#         527
  C:0BE6H         LINE#         528
  C:0C08H         LINE#         529
  C:0C19H         LINE#         531
  -------         ENDPROC       _MOISTURE_CAC_DIPLAY
  -------         ENDMOD        FDC1004

  -------         MODULE        ?C?FPADD
  C:000AH         PUBLIC        ?C?FPADD
  C:0006H         PUBLIC        ?C?FPSUB
  -------         ENDMOD        ?C?FPADD

  -------         MODULE        ?C?FPMUL
  C:00FBH         PUBLIC        ?C?FPMUL
  -------         ENDMOD        ?C?FPMUL

  -------         MODULE        ?C?FPDIV
  C:0204H         PUBLIC        ?C?FPDIV
  -------         ENDMOD        ?C?FPDIV

  -------         MODULE        ?C?FCAST
  C:02ABH         PUBLIC        ?C?FCASTC
  C:02A6H         PUBLIC        ?C?FCASTI
  C:02A1H         PUBLIC        ?C?FCASTL
  -------         ENDMOD        ?C?FCAST

  -------         MODULE        ?C?CASTF
  C:02DFH         PUBLIC        ?C?CASTF
  -------         ENDMOD        ?C?CASTF

  -------         MODULE        ?C?CLDOPTR
  C:0360H         PUBLIC        ?C?CLDOPTR
  -------         ENDMOD        ?C?CLDOPTR

BL51 BANKED LINKER/LOCATER V6.22.2.0                                                  04/07/2022  16:25:20  PAGE 27


  -------         MODULE        ?C?LMUL
  C:038DH         PUBLIC        ?C?LMUL
  -------         ENDMOD        ?C?LMUL

  -------         MODULE        ?C?ULDIV
  C:0418H         PUBLIC        ?C?ULDIV
  -------         ENDMOD        ?C?ULDIV

  -------         MODULE        ?C?LNEG
  C:04AAH         PUBLIC        ?C?LNEG
  -------         ENDMOD        ?C?LNEG

Program Size: data=85.0 xdata=0 code=5628
LINK/LOCATE RUN COMPLETE.  0 WARNING(S),  0 ERROR(S)
